\BOOKMARK [0][-]{chapter.5}{\376\377\000S\000y\000s\000t\000e\000m\000\040\000D\000e\000s\000i\000g\000n}{}% 1
\BOOKMARK [1][-]{section.5.1}{\376\377\000I\000n\000t\000r\000o\000d\000u\000c\000t\000i\000o\000n}{chapter.5}% 2
\BOOKMARK [1][-]{section.5.2}{\376\377\000S\000y\000s\000t\000e\000m\000\040\000D\000e\000s\000i\000g\000n}{chapter.5}% 3
\BOOKMARK [2][-]{subsection.5.2.1}{\376\377\000H\000o\000w\000\040\000w\000i\000l\000l\000\040\000t\000h\000e\000\040\000S\000y\000s\000t\000e\000m\000\040\000W\000o\000r\000k\000?}{section.5.2}% 4
\BOOKMARK [1][-]{section.5.3}{\376\377\000S\000o\000l\000u\000t\000i\000o\000n\000\040\000A\000r\000c\000h\000i\000t\000e\000c\000t\000u\000r\000e}{chapter.5}% 5
\BOOKMARK [1][-]{section.5.4}{\376\377\000D\000a\000t\000a\000b\000a\000s\000e\000\040\000M\000o\000d\000e\000l\000l\000i\000n\000g}{chapter.5}% 6
\BOOKMARK [2][-]{subsection.5.4.1}{\376\377\000E\000-\000R\000\040\000D\000i\000a\000g\000r\000a\000m}{section.5.4}% 7
\BOOKMARK [2][-]{subsection.5.4.2}{\376\377\000D\000a\000t\000a\000\040\000D\000i\000c\000t\000i\000o\000n\000a\000r\000y}{section.5.4}% 8
\BOOKMARK [2][-]{subsection.5.4.3}{\376\377\000D\000a\000t\000a\000b\000a\000s\000e\000\040\000S\000c\000h\000e\000m\000a}{section.5.4}% 9
\BOOKMARK [1][-]{section.5.5}{\376\377\000A\000l\000g\000o\000r\000i\000t\000h\000m\000\040\000D\000e\000s\000i\000g\000n}{chapter.5}% 10
\BOOKMARK [2][-]{subsection.5.5.1}{\376\377\000I\000n\000p\000u\000t\000s\000\040\000t\000o\000\040\000t\000h\000e\000\040\000A\000l\000g\000o\000r\000i\000t\000h\000m}{section.5.5}% 11
\BOOKMARK [2][-]{subsection.5.5.2}{\376\377\000P\000r\000e\000-\000p\000r\000o\000c\000e\000s\000s\000i\000n\000g\000\040\000a\000n\000d\000\040\000V\000a\000l\000i\000d\000a\000t\000i\000o\000n}{section.5.5}% 12
\BOOKMARK [2][-]{subsection.5.5.3}{\376\377\000F\000e\000a\000t\000u\000r\000e\000\040\000E\000n\000g\000i\000n\000e\000e\000r\000i\000n\000g}{section.5.5}% 13
\BOOKMARK [2][-]{subsection.5.5.4}{\376\377\000M\000o\000d\000e\000l\000\040\000S\000e\000l\000e\000c\000t\000i\000o\000n\000\040\000a\000n\000d\000\040\000R\000e\000s\000p\000o\000n\000s\000i\000b\000i\000l\000i\000t\000i\000e\000s}{section.5.5}% 14
\BOOKMARK [2][-]{subsection.5.5.5}{\376\377\000I\000n\000f\000e\000r\000e\000n\000c\000e\000\040\000a\000n\000d\000\040\000P\000o\000s\000t\000-\000p\000r\000o\000c\000e\000s\000s\000i\000n\000g\000\040\000L\000o\000g\000i\000c}{section.5.5}% 15
\BOOKMARK [2][-]{subsection.5.5.6}{\376\377\000A\000l\000g\000o\000r\000i\000t\000h\000m\000\040\000P\000s\000e\000u\000d\000o\000c\000o\000d\000e}{section.5.5}% 16
\BOOKMARK [1][-]{section.5.6}{\376\377\000I\000n\000t\000e\000r\000f\000a\000c\000e\000\040\000D\000e\000s\000i\000g\000n}{chapter.5}% 17
\BOOKMARK [2][-]{subsection.5.6.1}{\376\377\000L\000o\000g\000i\000n\000\040\000a\000n\000d\000\040\000R\000e\000g\000i\000s\000t\000r\000a\000t\000i\000o\000n\000\040\000I\000n\000t\000e\000r\000f\000a\000c\000e}{section.5.6}% 18
\BOOKMARK [2][-]{subsection.5.6.2}{\376\377\000D\000a\000s\000h\000b\000o\000a\000r\000d\000\040\000I\000n\000t\000e\000r\000f\000a\000c\000e}{section.5.6}% 19
\BOOKMARK [2][-]{subsection.5.6.3}{\376\377\000C\000r\000e\000a\000t\000e\000\040\000F\000i\000e\000l\000d\000\040\000I\000n\000t\000e\000r\000f\000a\000c\000e}{section.5.6}% 20
\BOOKMARK [2][-]{subsection.5.6.4}{\376\377\000A\000n\000a\000l\000y\000s\000i\000s\000\040\000R\000e\000s\000u\000l\000t\000s\000\040\000I\000n\000t\000e\000r\000f\000a\000c\000e}{section.5.6}% 21
\BOOKMARK [1][-]{section.5.7}{\376\377\000C\000o\000n\000c\000l\000u\000s\000i\000o\000n}{chapter.5}% 22
\BOOKMARK [0][-]{section.5.7}{\376\377\000R\000e\000f\000e\000r\000e\000n\000c\000e\000s}{}% 23
