\BOOKMARK [0][-]{chapter*.1}{\376\377\000D\000e\000c\000l\000a\000r\000a\000t\000i\000o\000n}{}% 1
\BOOKMARK [0][-]{chapter*.2}{\376\377\000D\000e\000d\000i\000c\000a\000t\000i\000o\000n}{}% 2
\BOOKMARK [0][-]{chapter*.3}{\376\377\000A\000c\000k\000n\000o\000w\000l\000e\000d\000g\000e\000m\000e\000n\000t\000s}{}% 3
\BOOKMARK [0][-]{chapter*.4}{\376\377\000A\000b\000s\000t\000r\000a\000c\000t}{}% 4
\BOOKMARK [0][-]{chapter*.5}{\376\377\000L\000i\000s\000t\000\040\000o\000f\000\040\000A\000c\000r\000o\000n\000y\000m\000s}{}% 5
\BOOKMARK [0][-]{chapter.1}{\376\377\000I\000n\000t\000r\000o\000d\000u\000c\000t\000i\000o\000n}{}% 6
\BOOKMARK [1][-]{section.1.1}{\376\377\000I\000n\000t\000r\000o\000d\000u\000c\000t\000i\000o\000n}{chapter.1}% 7
\BOOKMARK [1][-]{section.1.2}{\376\377\000M\000o\000t\000i\000v\000a\000t\000i\000o\000n}{chapter.1}% 8
\BOOKMARK [1][-]{section.1.3}{\376\377\000P\000r\000o\000b\000l\000e\000m\000\040\000S\000t\000a\000t\000e\000m\000e\000n\000t}{chapter.1}% 9
\BOOKMARK [1][-]{section.1.4}{\376\377\000R\000e\000l\000a\000t\000e\000d\000\040\000W\000o\000r\000k}{chapter.1}% 10
\BOOKMARK [2][-]{subsection.1.4.1}{\376\377\000C\000l\000i\000m\000a\000t\000e\000\040\000F\000i\000e\000l\000d\000V\000i\000e\000w}{section.1.4}% 11
\BOOKMARK [2][-]{subsection.1.4.2}{\376\377\000C\000r\000o\000p\000I\000n\000\040\000T\000e\000c\000h\000n\000o\000l\000o\000g\000y}{section.1.4}% 12
\BOOKMARK [2][-]{subsection.1.4.3}{\376\377\000T\000a\000r\000a\000n\000i\000s}{section.1.4}% 13
\BOOKMARK [2][-]{subsection.1.4.4}{\376\377\000G\000o\000o\000g\000l\000e\000\040\000E\000a\000r\000t\000h\000\040\000E\000n\000g\000i\000n\000e\000\040\000a\000n\000d\000\040\000O\000p\000e\000n\000\040\000R\000e\000s\000e\000a\000r\000c\000h\000\040\000T\000o\000o\000l\000s}{section.1.4}% 14
\BOOKMARK [1][-]{section.1.5}{\376\377\000H\000y\000p\000o\000t\000h\000e\000s\000i\000s}{chapter.1}% 15
\BOOKMARK [1][-]{section.1.6}{\376\377\000T\000e\000c\000h\000n\000i\000c\000a\000l\000\040\000O\000b\000j\000e\000c\000t\000i\000v\000e\000s}{chapter.1}% 16
\BOOKMARK [1][-]{section.1.7}{\376\377\000E\000x\000p\000e\000c\000t\000e\000d\000\040\000R\000e\000s\000u\000l\000t\000s}{chapter.1}% 17
\BOOKMARK [1][-]{section.1.8}{\376\377\000E\000t\000h\000i\000c\000s\000\040\000C\000o\000n\000s\000i\000d\000e\000r\000a\000t\000i\000o\000n\000s}{chapter.1}% 18
\BOOKMARK [1][-]{section.1.9}{\376\377\000C\000o\000n\000c\000l\000u\000s\000i\000o\000n}{chapter.1}% 19
\BOOKMARK [0][-]{chapter.2}{\376\377\000L\000i\000t\000e\000r\000a\000t\000u\000r\000e\000\040\000R\000e\000v\000i\000e\000w}{}% 20
\BOOKMARK [1][-]{section.2.1}{\376\377\000I\000n\000t\000r\000o\000d\000u\000c\000t\000i\000o\000n}{chapter.2}% 21
\BOOKMARK [1][-]{section.2.2}{\376\377\000R\000e\000l\000a\000t\000e\000d\000\040\000W\000o\000r\000k\000s}{chapter.2}% 22
\BOOKMARK [2][-]{subsection.2.2.1}{\376\377\000F\000a\000r\000m\000L\000o\000g\000s\000\040\000\050\000T\000E\000L\000U\000S\000\040\000A\000g\000r\000i\000c\000u\000l\000t\000u\000r\000e\000\051}{section.2.2}% 23
\BOOKMARK [2][-]{subsection.2.2.2}{\376\377\000S\000a\000t\000A\000g\000r\000o}{section.2.2}% 24
\BOOKMARK [2][-]{subsection.2.2.3}{\376\377\000F\000a\000r\000m\000e\000r\000l\000i\000n\000e}{section.2.2}% 25
\BOOKMARK [2][-]{subsection.2.2.4}{\376\377\000D\000i\000g\000i\000t\000a\000l\000\040\000G\000r\000e\000e\000n}{section.2.2}% 26
\BOOKMARK [2][-]{subsection.2.2.5}{\376\377\000R\000e\000g\000r\000o\000w\000\040\000A\000g}{section.2.2}% 27
\BOOKMARK [2][-]{subsection.2.2.6}{\376\377\000A\000c\000a\000d\000e\000m\000i\000c\000\040\000F\000o\000u\000n\000d\000a\000t\000i\000o\000n\000s}{section.2.2}% 28
\BOOKMARK [1][-]{section.2.3}{\376\377\000C\000o\000n\000c\000l\000u\000s\000i\000o\000n}{chapter.2}% 29
\BOOKMARK [0][-]{chapter.3}{\376\377\000R\000e\000q\000u\000i\000r\000e\000m\000e\000n\000t\000s\000\040\000A\000n\000a\000l\000y\000s\000i\000s}{}% 30
\BOOKMARK [1][-]{section.3.1}{\376\377\000I\000n\000t\000r\000o\000d\000u\000c\000t\000i\000o\000n}{chapter.3}% 31
\BOOKMARK [2][-]{subsection.3.1.1}{\376\377\000E\000v\000a\000l\000u\000a\000t\000e\000\040\000A\000l\000t\000e\000r\000n\000a\000t\000i\000v\000e\000s}{section.3.1}% 32
\BOOKMARK [2][-]{subsection.3.1.2}{\376\377\000O\000u\000t\000s\000o\000u\000r\000c\000i\000n\000g}{section.3.1}% 33
\BOOKMARK [2][-]{subsection.3.1.3}{\376\377\000I\000m\000p\000r\000o\000v\000e\000m\000e\000n\000t\000\040\000O\000v\000e\000r\000\040\000t\000h\000e\000\040\000C\000u\000r\000r\000e\000n\000t\000\040\000S\000y\000s\000t\000e\000m}{section.3.1}% 34
\BOOKMARK [2][-]{subsection.3.1.4}{\376\377\000D\000e\000v\000e\000l\000o\000p\000m\000e\000n\000t\000\040\000A\000p\000p\000r\000o\000a\000c\000h}{section.3.1}% 35
\BOOKMARK [1][-]{section.3.2}{\376\377\000U\000s\000e\000r\000\040\000R\000e\000q\000u\000i\000r\000e\000m\000e\000n\000t\000s}{chapter.3}% 36
\BOOKMARK [2][-]{subsection.3.2.1}{\376\377\000D\000a\000t\000a\000\040\000C\000o\000l\000l\000e\000c\000t\000i\000o\000n\000\040\000P\000h\000a\000s\000e}{section.3.2}% 37
\BOOKMARK [2][-]{subsection.3.2.2}{\376\377\000T\000e\000c\000h\000n\000i\000c\000a\000l\000\040\000F\000e\000a\000s\000i\000b\000i\000l\000i\000t\000y}{section.3.2}% 38
\BOOKMARK [2][-]{subsection.3.2.3}{\376\377\000H\000a\000r\000d\000w\000a\000r\000e\000\040\000R\000e\000q\000u\000i\000r\000e\000m\000e\000n\000t\000s}{section.3.2}% 39
\BOOKMARK [2][-]{subsection.3.2.4}{\376\377\000S\000o\000f\000t\000w\000a\000r\000e\000\040\000R\000e\000q\000u\000i\000r\000e\000m\000e\000n\000t\000s}{section.3.2}% 40
\BOOKMARK [2][-]{subsection.3.2.5}{\376\377\000T\000e\000c\000h\000n\000i\000c\000a\000l\000\040\000E\000x\000p\000e\000r\000t\000i\000s\000e}{section.3.2}% 41
\BOOKMARK [1][-]{section.3.3}{\376\377\000E\000c\000o\000n\000o\000m\000i\000c\000\040\000F\000e\000a\000s\000i\000b\000i\000l\000i\000t\000y}{chapter.3}% 42
\BOOKMARK [2][-]{subsection.3.3.1}{\376\377\000C\000o\000s\000t\000-\000B\000e\000n\000e\000f\000i\000t\000\040\000A\000n\000a\000l\000y\000s\000i\000s}{section.3.3}% 43
\BOOKMARK [2][-]{subsection.3.3.2}{\376\377\000T\000a\000n\000g\000i\000b\000l\000e\000\040\000B\000e\000n\000e\000f\000i\000t\000s}{section.3.3}% 44
\BOOKMARK [2][-]{subsection.3.3.3}{\376\377\000I\000n\000t\000a\000n\000g\000i\000b\000l\000e\000\040\000B\000e\000n\000e\000f\000i\000t\000s}{section.3.3}% 45
\BOOKMARK [1][-]{section.3.4}{\376\377\000O\000p\000e\000r\000a\000t\000i\000o\000n\000a\000l\000\040\000F\000e\000a\000s\000i\000b\000i\000l\000i\000t\000y}{chapter.3}% 46
\BOOKMARK [2][-]{subsection.3.4.1}{\376\377\000S\000c\000h\000e\000d\000u\000l\000e\000\040\000F\000e\000a\000s\000i\000b\000i\000l\000i\000t\000y}{section.3.4}% 47
\BOOKMARK [1][-]{section.3.5}{\376\377\000W\000o\000r\000k\000\040\000P\000l\000a\000n}{chapter.3}% 48
\BOOKMARK [2][-]{subsection.3.5.1}{\376\377\000W\000o\000r\000k\000\040\000S\000c\000h\000e\000d\000u\000l\000e}{section.3.5}% 49
\BOOKMARK [2][-]{subsection.3.5.2}{\376\377\000G\000a\000n\000t\000t\000\040\000C\000h\000a\000r\000t}{section.3.5}% 50
\BOOKMARK [1][-]{section.3.6}{\376\377\000C\000o\000n\000c\000l\000u\000s\000i\000o\000n}{chapter.3}% 51
\BOOKMARK [0][-]{chapter.4}{\376\377\000S\000y\000s\000t\000e\000m\000\040\000A\000n\000a\000l\000y\000s\000i\000s}{}% 52
\BOOKMARK [1][-]{section.4.1}{\376\377\000I\000n\000t\000r\000o\000d\000u\000c\000t\000i\000o\000n}{chapter.4}% 53
\BOOKMARK [1][-]{section.4.2}{\376\377\000D\000e\000s\000c\000r\000i\000p\000t\000i\000o\000n\000\040\000o\000f\000\040\000t\000h\000e\000\040\000C\000u\000r\000r\000e\000n\000t\000\040\000S\000y\000s\000t\000e\000m}{chapter.4}% 54
\BOOKMARK [1][-]{section.4.3}{\376\377\000A\000n\000a\000l\000y\000s\000i\000s\000\040\000o\000f\000\040\000t\000h\000e\000\040\000E\000x\000i\000s\000t\000i\000n\000g\000\040\000S\000y\000s\000t\000e\000m}{chapter.4}% 55
\BOOKMARK [2][-]{subsection.4.3.1}{\376\377\000C\000o\000n\000t\000e\000x\000t\000\040\000D\000i\000a\000g\000r\000a\000m\000\040\000o\000f\000\040\000t\000h\000e\000\040\000E\000x\000i\000s\000t\000i\000n\000g\000\040\000S\000y\000s\000t\000e\000m}{section.4.3}% 56
\BOOKMARK [2][-]{subsection.4.3.2}{\376\377\000W\000e\000a\000k\000n\000e\000s\000s\000e\000s\000\040\000o\000f\000\040\000t\000h\000e\000\040\000C\000u\000r\000r\000e\000n\000t\000\040\000S\000y\000s\000t\000e\000m}{section.4.3}% 57
\BOOKMARK [1][-]{section.4.4}{\376\377\000D\000e\000s\000c\000r\000i\000p\000t\000i\000o\000n\000\040\000o\000f\000\040\000t\000h\000e\000\040\000P\000r\000o\000p\000o\000s\000e\000d\000\040\000S\000o\000l\000u\000t\000i\000o\000n}{chapter.4}% 58
\BOOKMARK [2][-]{subsection.4.4.1}{\376\377\000C\000o\000n\000t\000e\000x\000t\000\040\000D\000i\000a\000g\000r\000a\000m\000\040\000a\000n\000d\000\040\000D\000a\000t\000a\000\040\000F\000l\000o\000w\000\040\000D\000i\000a\000g\000r\000a\000m\000s}{section.4.4}% 59
\BOOKMARK [1][-]{section.4.5}{\376\377\000R\000e\000q\000u\000i\000r\000e\000m\000e\000n\000t\000s\000\040\000A\000n\000a\000l\000y\000s\000i\000s}{chapter.4}% 60
\BOOKMARK [2][-]{subsection.4.5.1}{\376\377\000F\000u\000n\000c\000t\000i\000o\000n\000a\000l\000\040\000R\000e\000q\000u\000i\000r\000e\000m\000e\000n\000t\000s}{section.4.5}% 61
\BOOKMARK [2][-]{subsection.4.5.2}{\376\377\000N\000o\000n\000-\000F\000u\000n\000c\000t\000i\000o\000n\000a\000l\000\040\000R\000e\000q\000u\000i\000r\000e\000m\000e\000n\000t\000s}{section.4.5}% 62
\BOOKMARK [1][-]{section.4.6}{\376\377\000S\000y\000s\000t\000e\000m\000\040\000M\000o\000d\000e\000l\000s}{chapter.4}% 63
\BOOKMARK [2][-]{subsection.4.6.1}{\376\377\000U\000M\000L\000\040\000A\000c\000t\000i\000v\000i\000t\000y\000\040\000D\000i\000a\000g\000r\000a\000m}{section.4.6}% 64
\BOOKMARK [2][-]{subsection.4.6.2}{\376\377\000U\000M\000L\000\040\000C\000l\000a\000s\000s\000\040\000D\000i\000a\000g\000r\000a\000m}{section.4.6}% 65
\BOOKMARK [2][-]{subsection.4.6.3}{\376\377\000U\000M\000L\000\040\000S\000e\000q\000u\000e\000n\000c\000e\000\040\000D\000i\000a\000g\000r\000a\000m}{section.4.6}% 66
\BOOKMARK [1][-]{section.4.7}{\376\377\000C\000o\000n\000c\000l\000u\000s\000i\000o\000n}{chapter.4}% 67
\BOOKMARK [0][-]{chapter.5}{\376\377\000C\000o\000n\000c\000l\000u\000s\000i\000o\000n}{}% 68
\BOOKMARK [1][-]{section.5.1}{\376\377\000I\000n\000t\000r\000o\000d\000u\000c\000t\000i\000o\000n}{chapter.5}% 69
\BOOKMARK [1][-]{section.5.2}{\376\377\000S\000u\000m\000m\000a\000r\000y\000\040\000o\000f\000\040\000P\000r\000o\000j\000e\000c\000t\000\040\000A\000c\000h\000i\000e\000v\000e\000m\000e\000n\000t\000s}{chapter.5}% 70
\BOOKMARK [1][-]{section.5.3}{\376\377\000E\000v\000a\000l\000u\000a\000t\000i\000o\000n\000\040\000o\000f\000\040\000T\000e\000c\000h\000n\000i\000c\000a\000l\000\040\000O\000b\000j\000e\000c\000t\000i\000v\000e\000s}{chapter.5}% 71
\BOOKMARK [1][-]{section.5.4}{\376\377\000S\000y\000s\000t\000e\000m\000\040\000V\000a\000l\000i\000d\000a\000t\000i\000o\000n\000\040\000a\000n\000d\000\040\000T\000e\000s\000t\000i\000n\000g}{chapter.5}% 72
\BOOKMARK [2][-]{subsection.5.4.1}{\376\377\000M\000a\000c\000h\000i\000n\000e\000\040\000L\000e\000a\000r\000n\000i\000n\000g\000\040\000M\000o\000d\000e\000l\000\040\000P\000e\000r\000f\000o\000r\000m\000a\000n\000c\000e}{section.5.4}% 73
\BOOKMARK [2][-]{subsection.5.4.2}{\376\377\000R\000e\000c\000o\000m\000m\000e\000n\000d\000a\000t\000i\000o\000n\000\040\000E\000n\000g\000i\000n\000e\000\040\000V\000a\000l\000i\000d\000a\000t\000i\000o\000n}{section.5.4}% 74
\BOOKMARK [2][-]{subsection.5.4.3}{\376\377\000F\000u\000n\000c\000t\000i\000o\000n\000a\000l\000\040\000T\000e\000s\000t\000i\000n\000g}{section.5.4}% 75
\BOOKMARK [2][-]{subsection.5.4.4}{\376\377\000N\000o\000n\000-\000F\000u\000n\000c\000t\000i\000o\000n\000a\000l\000\040\000T\000e\000s\000t\000i\000n\000g}{section.5.4}% 76
\BOOKMARK [1][-]{section.5.5}{\376\377\000L\000i\000m\000i\000t\000a\000t\000i\000o\000n\000s\000\040\000o\000f\000\040\000t\000h\000e\000\040\000C\000u\000r\000r\000e\000n\000t\000\040\000I\000m\000p\000l\000e\000m\000e\000n\000t\000a\000t\000i\000o\000n}{chapter.5}% 77
\BOOKMARK [1][-]{section.5.6}{\376\377\000R\000e\000c\000o\000m\000m\000e\000n\000d\000a\000t\000i\000o\000n\000s\000\040\000f\000o\000r\000\040\000F\000u\000t\000u\000r\000e\000\040\000W\000o\000r\000k}{chapter.5}% 78
\BOOKMARK [1][-]{section.5.7}{\376\377\000C\000o\000n\000c\000l\000u\000s\000i\000o\000n}{chapter.5}% 79
\BOOKMARK [0][-]{section.5.7}{\376\377\000R\000e\000f\000e\000r\000e\000n\000c\000e\000s}{}% 80
\BOOKMARK [0][-]{appendix.A}{\376\377\000P\000y\000t\000h\000o\000n\000\040\000M\000o\000d\000e\000l\000\040\000T\000r\000a\000i\000n\000i\000n\000g\000\040\000S\000c\000r\000i\000p\000t}{}% 81
\BOOKMARK [0][-]{appendix.B}{\376\377\000M\000o\000d\000e\000l\000\040\000E\000x\000p\000o\000r\000t\000\040\000S\000c\000r\000i\000p\000t}{}% 82
\BOOKMARK [0][-]{appendix.C}{\376\377\000J\000a\000v\000a\000S\000c\000r\000i\000p\000t\000\040\000I\000n\000f\000e\000r\000e\000n\000c\000e\000\040\000M\000o\000d\000u\000l\000e}{}% 83
\BOOKMARK [0][-]{appendix.D}{\376\377\000R\000e\000c\000o\000m\000m\000e\000n\000d\000a\000t\000i\000o\000n\000\040\000E\000n\000g\000i\000n\000e\000\040\000S\000o\000u\000r\000c\000e}{}% 84
\BOOKMARK [0][-]{appendix.E}{\376\377\000P\000r\000i\000s\000m\000a\000\040\000D\000a\000t\000a\000b\000a\000s\000e\000\040\000S\000c\000h\000e\000m\000a}{}% 85
\BOOKMARK [0][-]{appendix.F}{\376\377\000T\000h\000r\000e\000s\000h\000o\000l\000d\000\040\000a\000n\000d\000\040\000M\000o\000d\000e\000l\000\040\000C\000o\000n\000f\000i\000g\000u\000r\000a\000t\000i\000o\000n\000\040\000F\000i\000l\000e\000s}{}% 86
